<html>
<body>
<pre>
<h1>µVision Build Log</h1>
<h2>Tool Versions:</h2>
IDE-Version: ¦ÌVision V5.23.0.0
Copyright (C) 2017 ARM Ltd and ARM Germany GmbH. All rights reserved.
License Information: geekup geekup, HP Inc., LIC=D0D7S-LU8JG-BS6YX-HDYX2-UAXN3-JRDMF
 
Tool Versions:
Toolchain:       MDK-ARM Plus  Version: 5.23
Toolchain Path:  C:\Keil_v5\ARM\ARMCC\Bin
C Compiler:      Armcc.exe V5.06 update 4 (build 422)
Assembler:       Armasm.exe V5.06 update 4 (build 422)
Linker/Locator:  ArmLink.exe V5.06 update 4 (build 422)
Library Manager: ArmAr.exe V5.06 update 4 (build 422)
Hex Converter:   FromElf.exe V5.06 update 4 (build 422)
CPU DLL:         SARMCM3.DLL V5.23
Dialog DLL:      DCM.DLL V1.15.0.0
Target DLL:      CMSIS_AGDI.dll V1.27.5.0
Dialog DLL:      TCM.DLL V1.27.0.0
 
<h2>Project:</h2>
C:\Users\geekup\Desktop\stm32\stm32\STM32_code_tmp\STM32.uvproj
Project File Date:  01/06/2022

<h2>Output:</h2>
*** Using Compiler 'V5.06 update 4 (build 422)', folder: 'C:\Keil_v5\ARM\ARMCC\Bin'
Rebuild target 'STM32_USART1'
assembling startup_stm32f10x_cl.s...
compiling delay.c...
compiling usart.c...
compiling stm32f10x_it.c...
compiling CAN.c...
user\CAN\CAN.c(160): warning:  #550-D: variable "mailbox"  was set but never used
      uint8_t mailbox=0;
user\CAN\CAN.c: 1 warning, 0 errors
compiling sys.c...
compiling mbotLinuxUsart.c...
user\mbot\mbotLinuxUsart.c(257): warning:  #177-D: function "crc16_update"  was declared but never referenced
  static void crc16_update(uint16_t *currectCrc, const uint8_t *src, uint32_t lengthInBytes)
user\mbot\mbotLinuxUsart.c: 1 warning, 0 errors
compiling main.c...
user\main.c(734): warning:  #550-D: variable "clear"  was set but never used
  	uint8_t clear = 0;
user\main.c(792): warning:  #177-D: variable "clear"  was declared but never referenced
  	uint8_t clear = 0;
user\main.c(1007): warning:  #1-D: last line of file ends without a newline
   
user\main.c(947): warning:  #177-D: function "dump_imu_data"  was declared but never referenced
  static void dump_imu_data(raw_t *raw)
user\main.c: 4 warnings, 0 errors
compiling WS2812B.c...
compiling bsp.c...
compiling ch_serial.c...
compiling bsp_systick.c...
compiling bsp_hc_sr04.c...
compiling misc.c...
compiling stm32f10x_can.c...
compiling stm32f10x_rcc.c...
compiling stm32f10x_gpio.c...
compiling stm32f10x_usart.c...
compiling stm32f10x_tim.c...
compiling stm32f10x_flash.c...
compiling core_cm3.c...
compiling stm32f10x_dma.c...
compiling stm32f10x_exti.c...
compiling system_stm32f10x.c...
linking...
Program Size: Code=35974 RO-data=978 RW-data=1280 ZI-data=5952  
FromELF: creating hex file...
".\Obj\STM32.axf" - 0 Error(s), 6 Warning(s).
Build Time Elapsed:  00:00:07
</pre>
</body>
</html>
