<html>
<body>
<pre>
<h1>礦ision Build Log</h1>
<h2>Project:</h2>
D:\迅雷下载\双CAN开发板光盘资料(1)\双CAN开发板光盘资料\光盘资料\代码例程\STM32_USART\STM32.uvproj
Project File Date:  12/04/2013

<h2>Output:</h2>
Build target 'STM32_USART1'
assembling startup_stm32f10x_cl.s...
compiling main.c...
compiling stm32f10x_it.c...
user\stm32f10x_it.c(65): warning:  #550-D: variable "rece" was set but never used
user\stm32f10x_it.c:    u8 rece;
user\stm32f10x_it.c:       ^
user\stm32f10x_it.c: user\stm32f10x_it.c: 1 warning, 0 errors
compiling usart.c...
compiling misc.c...
compiling stm32f10x_rcc.c...
compiling stm32f10x_gpio.c...
compiling stm32f10x_usart.c...
compiling stm32f10x_can.c...
compiling stm32f10x_tim.c...
compiling stm32f10x_flash.c...
compiling core_cm3.c...
compiling system_stm32f10x.c...
linking...
Program Size: Code=4644 RO-data=368 RW-data=20 ZI-data=1636  
".\Obj\STM32.axf" - 0 Error(s), 1 Warning(s).
